============================= test session starts =============================
platform win32 -- Python 3.13.5, pytest-9.0.2, pluggy-1.6.0 -- D:\LLM\end-end\paper-search\backend\.venv\Scripts\python.exe
cachedir: .pytest_cache
rootdir: D:\LLM\end-end\paper-search
plugins: anyio-4.11.0, Faker-39.0.0, asyncio-1.3.0
asyncio: mode=Mode.STRICT, debug=False, asyncio_default_fixture_loop_scope=None, asyncio_default_test_loop_scope=function
collecting ... collected 7 items

backend/tests/agent/test_agent_integration.py::test_agent_chooses_tool FAILED [ 14%]
backend/tests/agent/test_agent_integration.py::test_agent_direct_answer FAILED [ 28%]
backend/tests/agent/test_capabilities_e2e.py::test_capability_rag_retrieval FAILED [ 42%]
backend/tests/agent/test_capabilities_e2e.py::test_capability_pdf_extraction FAILED [ 57%]
backend/tests/agent/test_tools_unit.py::test_semantic_search_mock FAILED [ 71%]
backend/tests/agent/test_tools_unit.py::test_compare_papers_mock FAILED  [ 85%]
backend/tests/agent/test_tools_unit.py::test_extract_methodology_mock FAILED [100%]

================================== FAILURES ===================================
___________________________ test_agent_chooses_tool ___________________________

mock_llm_client = <MagicMock id='2349899629632'>
db_session = <MagicMock id='2349899630304'>
mock_rag_engine = <MagicMock id='2349899631312'>

    @pytest.mark.asyncio
    async def test_agent_chooses_tool(mock_llm_client, db_session, mock_rag_engine):
        # Setup
        mock_llm_client.complete.return_value = '{"action": "semantic_search", "action_input": {"query": "test"}}'
    
        agent = OrchestratorAgent(mock_llm_client, db_session, mock_rag_engine)
    
        # Run
>       response = await agent.process_user_message("user_123", "Search for test papers")
                   ^^^^^^^^^^^^^^^^^^^^^^^^^^^^^^^^^^^^^^^^^^^^^^^^^^^^^^^^^^^^^^^^^^^^^^

backend\tests\agent\test_agent_integration.py:13: 
_ _ _ _ _ _ _ _ _ _ _ _ _ _ _ _ _ _ _ _ _ _ _ _ _ _ _ _ _ _ _ _ _ _ _ _ _ _ _ _
backend\app\agents\orchestrator.py:172: in process_user_message
    result = await self.agent.run(message)
             ^^^^^^^^^^^^^^^^^^^^^^^^^^^^^
_ _ _ _ _ _ _ _ _ _ _ _ _ _ _ _ _ _ _ _ _ _ _ _ _ _ _ _ _ _ _ _ _ _ _ _ _ _ _ _

self = <app.agents.base.FlexibleAgent object at 0x0000022320EED6A0>
input_text = 'Search for test papers'

    async def run(self, input_text: str) -> Dict[str, Any]:
        """
        Run the agent loop (Think -> Act -> Observe)
        """
        tracer = get_tracer(__name__)
        with tracer.start_as_current_span(f"AgentRun.{self.name}") as run_span:
            history = [f"User: {input_text}"]
            last_action = None  # Track last action to prevent loops
    
            for i in range(self.max_iterations):
                # 1. THINK
                with tracer.start_as_current_span(f"Think_Step_{i+1}") as think_span:
                    prompt = self._get_system_prompt() + "\n\nConversation:\n" + "\n".join(history) + "\n\nAssistant:"
    
>                   response = await self.llm.complete(
                        prompt=prompt,
                        temperature=0.1 # Low temp for tool selection
                    )
E                   TypeError: object str can't be used in 'await' expression

backend\app\agents\base.py:80: TypeError
__________________________ test_agent_direct_answer ___________________________

mock_llm_client = <MagicMock id='2349919306816'>
db_session = <MagicMock id='2349919310512'>
mock_rag_engine = <MagicMock id='2349919311520'>

    @pytest.mark.asyncio
    async def test_agent_direct_answer(mock_llm_client, db_session, mock_rag_engine):
        mock_llm_client.complete.return_value = '{"action": "Final Answer", "action_input": "Hello"}'
        agent = OrchestratorAgent(mock_llm_client, db_session, mock_rag_engine)
    
>       response = await agent.process_user_message("user_123", "Hi")
                   ^^^^^^^^^^^^^^^^^^^^^^^^^^^^^^^^^^^^^^^^^^^^^^^^^^

backend\tests\agent\test_agent_integration.py:38: 
_ _ _ _ _ _ _ _ _ _ _ _ _ _ _ _ _ _ _ _ _ _ _ _ _ _ _ _ _ _ _ _ _ _ _ _ _ _ _ _
backend\app\agents\orchestrator.py:172: in process_user_message
    result = await self.agent.run(message)
             ^^^^^^^^^^^^^^^^^^^^^^^^^^^^^
_ _ _ _ _ _ _ _ _ _ _ _ _ _ _ _ _ _ _ _ _ _ _ _ _ _ _ _ _ _ _ _ _ _ _ _ _ _ _ _

self = <app.agents.base.FlexibleAgent object at 0x00000223221C56D0>
input_text = 'Hi'

    async def run(self, input_text: str) -> Dict[str, Any]:
        """
        Run the agent loop (Think -> Act -> Observe)
        """
        tracer = get_tracer(__name__)
        with tracer.start_as_current_span(f"AgentRun.{self.name}") as run_span:
            history = [f"User: {input_text}"]
            last_action = None  # Track last action to prevent loops
    
            for i in range(self.max_iterations):
                # 1. THINK
                with tracer.start_as_current_span(f"Think_Step_{i+1}") as think_span:
                    prompt = self._get_system_prompt() + "\n\nConversation:\n" + "\n".join(history) + "\n\nAssistant:"
    
>                   response = await self.llm.complete(
                        prompt=prompt,
                        temperature=0.1 # Low temp for tool selection
                    )
E                   TypeError: object str can't be used in 'await' expression

backend\app\agents\base.py:80: TypeError
________________________ test_capability_rag_retrieval ________________________

mock_llm_client = <MagicMock id='2349919312864'>
db_session = <MagicMock id='2349919313536'>
mock_rag_engine = <MagicMock id='2349919314544'>

    @pytest.mark.asyncio
    async def test_capability_rag_retrieval(mock_llm_client, db_session, mock_rag_engine):
        """
        Test that the agent correctly identifies a RAG intent and delegates to tool
        """
        # 1. User asks for specific info
        # 2. Agent calls semantic_search
        # 3. Agent summarizes result
    
        mock_llm_client.complete.side_effect = [
            '{"action": "semantic_search", "action_input": {"query": "transformer architecture"}}',
            '{"action": "Final Answer", "action_input": "The transformer architecture is based on attention mechanisms."}'
        ]
    
        agent = OrchestratorAgent(mock_llm_client, db_session, mock_rag_engine)
>       response = await agent.process_user_message("user_1", "How does transformer architecture work?")
                   ^^^^^^^^^^^^^^^^^^^^^^^^^^^^^^^^^^^^^^^^^^^^^^^^^^^^^^^^^^^^^^^^^^^^^^^^^^^^^^^^^^^^^

backend\tests\agent\test_capabilities_e2e.py:19: 
_ _ _ _ _ _ _ _ _ _ _ _ _ _ _ _ _ _ _ _ _ _ _ _ _ _ _ _ _ _ _ _ _ _ _ _ _ _ _ _
backend\app\agents\orchestrator.py:172: in process_user_message
    result = await self.agent.run(message)
             ^^^^^^^^^^^^^^^^^^^^^^^^^^^^^
_ _ _ _ _ _ _ _ _ _ _ _ _ _ _ _ _ _ _ _ _ _ _ _ _ _ _ _ _ _ _ _ _ _ _ _ _ _ _ _

self = <app.agents.base.FlexibleAgent object at 0x00000223221C6350>
input_text = 'How does transformer architecture work?'

    async def run(self, input_text: str) -> Dict[str, Any]:
        """
        Run the agent loop (Think -> Act -> Observe)
        """
        tracer = get_tracer(__name__)
        with tracer.start_as_current_span(f"AgentRun.{self.name}") as run_span:
            history = [f"User: {input_text}"]
            last_action = None  # Track last action to prevent loops
    
            for i in range(self.max_iterations):
                # 1. THINK
                with tracer.start_as_current_span(f"Think_Step_{i+1}") as think_span:
                    prompt = self._get_system_prompt() + "\n\nConversation:\n" + "\n".join(history) + "\n\nAssistant:"
    
>                   response = await self.llm.complete(
                        prompt=prompt,
                        temperature=0.1 # Low temp for tool selection
                    )
E                   TypeError: object str can't be used in 'await' expression

backend\app\agents\base.py:80: TypeError
_______________________ test_capability_pdf_extraction ________________________

mock_llm_client = <MagicMock id='2349919316224'>
db_session = <MagicMock id='2349919316896'>
mock_rag_engine = <MagicMock id='2349919317904'>

    @pytest.mark.asyncio
    async def test_capability_pdf_extraction(mock_llm_client, db_session, mock_rag_engine):
        """
        Test execution path for PDF parsing (mocked background job)
        """
        # Note: parse_pdf is a background job tool.
        # We want to verify the agent calls 'parse_pdf' when asked to read a file
    
        mock_llm_client.complete.side_effect = [
            '{"action": "parse_pdf", "action_input": {"pdf_path": "uploads/test.pdf", "paper_id": 101}}',
            '{"action": "Final Answer", "action_input": "Started parsing."}'
        ]
    
        # We need to mock pdf_tools.parse_pdf_background or ensuring the tool exists
        # The tool is created inside OrchestratorAgent._create_tools -> lambda -> pdf_tools...
        # We can mock the function inside the tool instance if we want, or just rely on the tool execution logic
    
        # For this test, since we don't have a real PDF or DB, we mainly test the Agent->Tool selection logic
        # akin to integration test, but specifically for this capability.
    
        agent = OrchestratorAgent(mock_llm_client, db_session, mock_rag_engine)
    
        # We need to patch the tool function to avoid actual execution if it tries to hit DB/Files
        # Access tool by name
        tools_dict = {t.name: t for t in agent.tools}
        if 'parse_pdf' in tools_dict:
            # Replace the function with a mock
>           tools_dict['parse_pdf'].function = AsyncMock(return_value="Job started 123")
                                               ^^^^^^^^^
E           NameError: name 'AsyncMock' is not defined

backend\tests\agent\test_capabilities_e2e.py:52: NameError
__________________________ test_semantic_search_mock __________________________

mock_rag_engine = <MagicMock id='2349919319584'>

    @pytest.mark.asyncio
    async def test_semantic_search_mock(mock_rag_engine):
>       results = await rag_tools.semantic_search("test query", rag_engine=mock_rag_engine)
                  ^^^^^^^^^^^^^^^^^^^^^^^^^^^^^^^^^^^^^^^^^^^^^^^^^^^^^^^^^^^^^^^^^^^^^^^^^

backend\tests\agent\test_tools_unit.py:6: 
_ _ _ _ _ _ _ _ _ _ _ _ _ _ _ _ _ _ _ _ _ _ _ _ _ _ _ _ _ _ _ _ _ _ _ _ _ _ _ _
backend\app\core\cache.py:84: in wrapper
    result = await func(*args, **kwargs)
             ^^^^^^^^^^^^^^^^^^^^^^^^^^^
_ _ _ _ _ _ _ _ _ _ _ _ _ _ _ _ _ _ _ _ _ _ _ _ _ _ _ _ _ _ _ _ _ _ _ _ _ _ _ _

query = 'test query', project_id = None, section_filter = None, top_k = 10
rag_engine = <MagicMock id='2349919319584'>

    @cached_tool(ttl=3600)
    async def semantic_search(
        query: str,
        project_id: Optional[int] = None,
        section_filter: Optional[List[str]] = None,
        top_k: int = 10,
        rag_engine: RAGEngine = None
    ) -> List[Dict]:
        """
        Semantic search using Nomic embeddings via LlamaIndex
    
        Args:
            query: Search query
            project_id: Filter by project_id
            section_filter: Filter by section types
            top_k: Number of results
            rag_engine: RAG engine instance
    
        Returns:
            List of relevant chunks
        """
        if not rag_engine:
            rag_engine = RAGEngine()
    
>       result = await rag_engine.query(
            query_text=query,
            project_id=project_id,
            section_filter=section_filter,
            top_k=top_k,
            return_sources=True
        )
E       TypeError: object dict can't be used in 'await' expression

backend\app\tools\rag_tools.py:35: TypeError
------------------------------ Captured log call ------------------------------
WARNING  app.core.cache:cache.py:42 Cache get failed: Error 22 connecting to localhost:6379. 22.
__________________________ test_compare_papers_mock ___________________________

mock_rag_engine = <MagicMock id='2349919319248'>
mock_llm_client = <MagicMock id='2349919316224'>

    @pytest.mark.asyncio
    async def test_compare_papers_mock(mock_rag_engine, mock_llm_client):
        mock_llm_client.complete.return_value = '{"similarities": "sim", "differences": "diff"}'
    
>       result = await rag_tools.compare_papers(
            paper_ids=[1, 2],
            rag_engine=mock_rag_engine,
            llm_client=mock_llm_client
        )

backend\tests\agent\test_tools_unit.py:15: 
_ _ _ _ _ _ _ _ _ _ _ _ _ _ _ _ _ _ _ _ _ _ _ _ _ _ _ _ _ _ _ _ _ _ _ _ _ _ _ _
backend\app\core\cache.py:84: in wrapper
    result = await func(*args, **kwargs)
             ^^^^^^^^^^^^^^^^^^^^^^^^^^^
_ _ _ _ _ _ _ _ _ _ _ _ _ _ _ _ _ _ _ _ _ _ _ _ _ _ _ _ _ _ _ _ _ _ _ _ _ _ _ _

paper_ids = [1, 2], aspect = 'methodology', project_id = None
rag_engine = <MagicMock id='2349919319248'>
llm_client = <MagicMock id='2349919316224'>

    @cached_tool(ttl=3600)
    async def compare_papers(
        paper_ids: List[int],
        aspect: str = "methodology",
        project_id: Optional[int] = None,
        rag_engine: RAGEngine = None,
        llm_client: LLMClient = None
    ) -> Dict[str, str]:
        """
        Generate comparison insights between papers
        """
        if not rag_engine:
            rag_engine = RAGEngine()
        if not llm_client:
            llm_client = LLMClient()
    
        # Retrieve relevant chunks for each paper
        # We search the 'aspect' for each paper or global search filtered by papers?
        # Iterating per paper might be cleaner to ensure coverage
    
        all_chunks = []
    
        # Optimization: One search filtering by project and papers?
        # LlamaIndex query with metadata filters on paper_id IN [list] might be key
        # For now, let's just do a broad search on the aspect within the project
        # and then filter in memory if the retrieve doesn't support complex 'IN' list easily
        # Or strict loop:
    
        # Let's try broad retrieval first to fill context
>       chunks = await rag_engine.retrieve_only(
            query_text=aspect,
            project_id=project_id,
            top_k=15 # enough for a few papers
        )
E       TypeError: object list can't be used in 'await' expression

backend\app\tools\rag_tools.py:74: TypeError
------------------------------ Captured log call ------------------------------
WARNING  opentelemetry.exporter.otlp.proto.grpc.exporter:exporter.py:424 Transient error StatusCode.UNAVAILABLE encountered while exporting traces to localhost:4317, retrying in 0.92s.
WARNING  app.core.cache:cache.py:42 Cache get failed: Error 22 connecting to localhost:6379. 22.
________________________ test_extract_methodology_mock ________________________

mock_rag_engine = <MagicMock id='2349919317568'>
mock_llm_client = <MagicMock id='2349920734912'>

    @pytest.mark.asyncio
    async def test_extract_methodology_mock(mock_rag_engine, mock_llm_client):
        mock_llm_client.complete.return_value = '{"methodology_summary": "Summary", "data_collection": "Data", "analysis_methods": "Analysis", "sample_size": "100"}'
    
>       result = await rag_tools.extract_methodology(
            paper_id=1,
            rag_engine=mock_rag_engine,
            llm_client=mock_llm_client
        )

backend\tests\agent\test_tools_unit.py:28: 
_ _ _ _ _ _ _ _ _ _ _ _ _ _ _ _ _ _ _ _ _ _ _ _ _ _ _ _ _ _ _ _ _ _ _ _ _ _ _ _
backend\app\core\cache.py:84: in wrapper
    result = await func(*args, **kwargs)
             ^^^^^^^^^^^^^^^^^^^^^^^^^^^
_ _ _ _ _ _ _ _ _ _ _ _ _ _ _ _ _ _ _ _ _ _ _ _ _ _ _ _ _ _ _ _ _ _ _ _ _ _ _ _

paper_id = 1, project_id = None, rag_engine = <MagicMock id='2349919317568'>
llm_client = <MagicMock id='2349920734912'>

    @cached_tool(ttl=86400) # Cache strict extraction longer
    async def extract_methodology(
        paper_id: int,
        project_id: Optional[int] = None,
        rag_engine: RAGEngine = None,
        llm_client: LLMClient = None
    ) -> Dict:
        """
        Extract structured methodology details from a paper
        """
        if not rag_engine:
            rag_engine = RAGEngine()
        if not llm_client:
            llm_client = LLMClient()
    
        # Retrieve methodology sections
        # Searching specifically for "methodology" keywords
>       chunks = await rag_engine.retrieve_only(
            query_text="methodology methods approach study design",
            project_id=project_id, # Optimize: filter by paper_id if possible in engine, else filter below
            top_k=10
        )
E       TypeError: object list can't be used in 'await' expression

backend\app\tools\rag_tools.py:152: TypeError
------------------------------ Captured log call ------------------------------
WARNING  app.core.cache:cache.py:42 Cache get failed: Error 22 connecting to localhost:6379. 22.
============================== warnings summary ===============================
backend\app\core\config.py:4
  D:\LLM\end-end\paper-search\backend\app\core\config.py:4: PydanticDeprecatedSince20: Support for class-based `config` is deprecated, use ConfigDict instead. Deprecated in Pydantic V2.0 to be removed in V3.0. See Pydantic V2 Migration Guide at https://errors.pydantic.dev/2.12/migration/
    class Settings(BaseSettings):

-- Docs: https://docs.pytest.org/en/stable/how-to/capture-warnings.html
=========================== short test summary info ===========================
FAILED backend/tests/agent/test_agent_integration.py::test_agent_chooses_tool
FAILED backend/tests/agent/test_agent_integration.py::test_agent_direct_answer
FAILED backend/tests/agent/test_capabilities_e2e.py::test_capability_rag_retrieval
FAILED backend/tests/agent/test_capabilities_e2e.py::test_capability_pdf_extraction
FAILED backend/tests/agent/test_tools_unit.py::test_semantic_search_mock - Ty...
FAILED backend/tests/agent/test_tools_unit.py::test_compare_papers_mock - Typ...
FAILED backend/tests/agent/test_tools_unit.py::test_extract_methodology_mock
======================== 7 failed, 1 warning in 24.74s ========================
backend\.venv\Scripts\python : Failed to export 
traces to localhost:4317, error code: 
StatusCode.UNAVAILABLE
At line:1 char:1
+ backend\.venv\Scripts\python -m pytest -v 
backend/tests/agent/ > test ...
+ ~~~~~~~~~~~~~~~~~~~~~~~~~~~~~~~~~~~~~~~~~~~~~~~~~
~~~~~~~~~~~~~~~~~~~~
    + CategoryInfo          : NotSpecified: (Faile 
   d to expor...ode.UNAVAILABLE:String) [], Remot  
  eException
    + FullyQualifiedErrorId : NativeCommandError
 
